// Jest Snapshot v1, https://goo.gl/fbAQLP

exports[`should render DashBoardPage correctly 1`] = `
<div>
  DashBoard Page Content
</div>
`;
