// Jest Snapshot v1, https://goo.gl/fbAQLP

exports[`should render LoginPage correctly 1`] = `
<div
  className="box-layout"
>
  <div
    className="box-layout__box"
  >
    <h1
      className="box-layout__title"
    >
       BoilerPlate 
    </h1>
    <p>
       TagLine for application. 
    </p>
    <button
      className="button"
    >
       Login 
    </button>
  </div>
</div>
`;
